aaa-csit-1node-authn-all-silicon,
bgpcep-csit-1node-bgp-ingest-all-silicon,
bgpcep-csit-1node-bgp-ingest-mixed-all-silicon,
bgpcep-csit-1node-throughpcep-all-silicon,
bgpcep-csit-1node-userfeatures-all-silicon,
daexim-csit-1node-basic-only-silicon,
daexim-csit-3node-clustering-basic-only-silicon,
distribution-csit-1node-userfeatures-all-silicon,
distribution-csit-managed-silicon,
genius-csit-1node-upstream-only-silicon,
genius-csit-3node-upstream-only-silicon,
jsonrpc-csit-1node-basic-only-silicon,
lispflowmapping-csit-1node-msmr-all-silicon,
lispflowmapping-csit-3node-msmr-all-silicon,
netconf-csit-1node-callhome-only-silicon,
netconf-csit-1node-scale-max-devices-only-silicon,
netconf-csit-1node-scale-only-silicon,
netconf-csit-1node-userfeatures-all-silicon,
netconf-csit-1node-userfeatures-rfc8040-all-silicon,
netconf-csit-3node-clustering-only-silicon,
netconf-csit-3node-clustering-scale-only-silicon,
netvirt-csit-1node-0cmb-1ctl-2cmp-apex-queens-upstream-snat-conntrack-silicon,
netvirt-csit-1node-0cmb-1ctl-2cmp-openstack-rocky-dcgw-silicon,
netvirt-csit-1node-0cmb-1ctl-2cmp-openstack-rocky-upgrade-silicon,
netvirt-csit-1node-0cmb-1ctl-2cmp-openstack-rocky-upgrade-snat-conntrack-silicon,
netvirt-csit-1node-0cmb-1ctl-2cmp-openstack-rocky-upstream-stateful-silicon,
netvirt-csit-1node-0cmb-1ctl-2cmp-openstack-rocky-upstream-stateful-itm-direct-tunnels-silicon,
netvirt-csit-1node-0cmb-1ctl-2cmp-openstack-rocky-upstream-stateful-snat-conntrack-silicon,
netvirt-csit-1node-0cmb-1ctl-2cmp-openstack-stein-dcgw-silicon,
netvirt-csit-1node-0cmb-1ctl-2cmp-openstack-stein-upgrade-silicon,
netvirt-csit-1node-0cmb-1ctl-2cmp-openstack-stein-upgrade-snat-conntrack-silicon,
netvirt-csit-1node-0cmb-1ctl-2cmp-openstack-stein-upstream-stateful-silicon,
netvirt-csit-1node-0cmb-1ctl-2cmp-openstack-stein-upstream-stateful-itm-direct-tunnels-silicon,
netvirt-csit-1node-0cmb-1ctl-2cmp-openstack-stein-upstream-stateful-snat-conntrack-silicon,
netvirt-csit-1node-1cmb-0ctl-0cmp-openstack-stein-dcgw-silicon,
netvirt-csit-1node-1cmb-0ctl-0cmp-openstack-stein-upstream-stateful-silicon,
netvirt-csit-1node-1cmb-0ctl-0cmp-openstack-stein-upstream-stateful-itm-direct-tunnels-silicon,
netvirt-csit-1node-1cmb-0ctl-0cmp-openstack-stein-upstream-stateful-snat-conntrack-silicon,
netvirt-csit-3node-0cmb-1ctl-2cmp-openstack-rocky-dcgw-silicon,
netvirt-csit-3node-0cmb-1ctl-2cmp-openstack-rocky-upstream-stateful-silicon,
netvirt-csit-3node-0cmb-1ctl-2cmp-openstack-rocky-upstream-stateful-itm-direct-tunnels-silicon,
netvirt-csit-3node-0cmb-1ctl-2cmp-openstack-rocky-upstream-stateful-snat-conntrack-silicon,
netvirt-csit-3node-0cmb-1ctl-2cmp-openstack-stein-dcgw-silicon,
netvirt-csit-3node-0cmb-1ctl-2cmp-openstack-stein-upstream-stateful-silicon,
netvirt-csit-3node-0cmb-1ctl-2cmp-openstack-stein-upstream-stateful-itm-direct-tunnels-silicon,
netvirt-csit-3node-0cmb-1ctl-2cmp-openstack-stein-upstream-stateful-snat-conntrack-silicon,
netvirt-csit-hwvtep-1node-0cmb-1ctl-2cmp-openstack-rocky-upstream-stateful-silicon,
netvirt-csit-hwvtep-1node-0cmb-1ctl-2cmp-openstack-stein-upstream-stateful-silicon,
netvirt-csit-hwvtep-3node-0cmb-1ctl-2cmp-openstack-rocky-upstream-stateful-silicon,
netvirt-csit-hwvtep-3node-0cmb-1ctl-2cmp-openstack-stein-upstream-stateful-silicon,
odltools-csit-1node-upstream-all-silicon,
openflowplugin-csit-1node-cbench-only-silicon,
openflowplugin-csit-1node-flow-services-all-silicon,
openflowplugin-csit-1node-perf-bulkomatic-only-silicon,
openflowplugin-csit-1node-perf-stats-collection-only-silicon,
openflowplugin-csit-1node-scale-link-only-silicon,
openflowplugin-csit-1node-scale-only-silicon,
openflowplugin-csit-1node-scale-switch-only-silicon,
openflowplugin-csit-3node-clustering-bulkomatic-only-silicon,
openflowplugin-csit-3node-clustering-only-silicon,
openflowplugin-csit-3node-clustering-perf-bulkomatic-only-silicon,
ovsdb-csit-1node-upstream-southbound-all-silicon,
ovsdb-csit-3node-upstream-clustering-only-silicon,
