aaa-csit-1node-authn-all-fluorine,
aaa-csit-1node-keystone-all-fluorine,
aaa-csit-1node-tls-only-fluorine,
bgpcep-csit-1node-bgp-ingest-all-fluorine,
bgpcep-csit-1node-bgp-ingest-mixed-all-fluorine,
bgpcep-csit-1node-throughpcep-all-fluorine,
bgpcep-csit-1node-userfeatures-all-fluorine,
bgpcep-csit-3node-bgpclustering-all-fluorine,
bgpcep-csit-3node-bgpclustering-ha-only-fluorine,
controller-csit-1node-akka1-all-fluorine,
controller-csit-1node-benchmark-all-fluorine,
controller-csit-1node-rest-cars-perf-all-fluorine,
controller-csit-3node-benchmark-all-fluorine,
controller-csit-3node-clustering-all-fluorine,
controller-csit-3node-rest-clust-cars-perf-only-fluorine,
daexim-csit-1node-basic-only-fluorine,
daexim-csit-3node-clustering-basic-only-fluorine,
distribution-csit-1node-userfeatures-all-fluorine,
genius-csit-1node-upstream-all-fluorine,
genius-csit-3node-upstream-all-fluorine,
lispflowmapping-csit-1node-msmr-all-fluorine,
lispflowmapping-csit-1node-performance-only-fluorine,
lispflowmapping-csit-3node-msmr-all-fluorine,
mdsal-csit-1node-bindingv1-only-fluorine,
netconf-csit-1node-callhome-only-fluorine,
netconf-csit-1node-scale-all-fluorine,
netconf-csit-1node-userfeatures-all-fluorine,
netconf-csit-3node-cluster-stress-all-fluorine,
netconf-csit-3node-clustering-all-fluorine,
netconf-csit-3node-clustering-scale-all-fluorine,
netvirt-csit-1node-openstack-pike-upstream-stateful-fluorine,
netvirt-csit-1node-openstack-pike-upstream-stateful-snat-conntrack-fluorine,
netvirt-csit-1node-openstack-queens-sfc-fluorine,
netvirt-csit-1node-openstack-queens-upstream-stateful-fluorine,
netvirt-csit-1node-openstack-queens-upstream-stateful-snat-conntrack-fluorine,
netvirt-csit-3node-openstack-pike-upstream-stateful-fluorine,
netvirt-csit-3node-openstack-pike-upstream-stateful-snat-conntrack-fluorine,
netvirt-csit-3node-openstack-queens-upstream-stateful-fluorine,
netvirt-csit-3node-openstack-queens-upstream-stateful-snat-conntrack-fluorine,
netvirt-csit-hwvtep-1node-openstack-pike-upstream-stateful-fluorine,
netvirt-csit-hwvtep-1node-openstack-queens-upstream-stateful-fluorine,
netvirt-csit-hwvtep-3node-openstack-pike-upstream-stateful-fluorine,
netvirt-csit-hwvtep-3node-openstack-queens-upstream-stateful-fluorine,
openflowplugin-csit-1node-cbench-only-fluorine,
openflowplugin-csit-1node-flow-services-all-fluorine,
openflowplugin-csit-1node-perf-bulkomatic-only-fluorine,
openflowplugin-csit-1node-perf-stats-collection-only-fluorine,
openflowplugin-csit-1node-scale-link-only-fluorine,
openflowplugin-csit-1node-scale-only-fluorine,
openflowplugin-csit-1node-scale-switch-only-fluorine,
openflowplugin-csit-3node-clustering-bulkomatic-only-fluorine,
openflowplugin-csit-3node-clustering-only-fluorine,
openflowplugin-csit-3node-clustering-perf-bulkomatic-only-fluorine,
ovsdb-csit-1node-upstream-southbound-all-fluorine,
ovsdb-csit-3node-upstream-clustering-only-fluorine,
sfc-csit-3node-docker-full-deploy-all-fluorine,
sfc-csit-3node-rest-basic-all-fluorine,
yangtools-csit-1node-system-only-fluorine,
