aaa-csit-1node-authn-all-sodium,
aaa-csit-1node-tls-only-sodium,
bgpcep-csit-1node-bgp-ingest-all-sodium,
bgpcep-csit-1node-bgp-ingest-mixed-all-sodium,
bgpcep-csit-1node-throughpcep-all-sodium,
bgpcep-csit-1node-userfeatures-all-sodium,
bgpcep-csit-3node-bgpclustering-all-sodium,
bgpcep-csit-3node-bgpclustering-ha-only-sodium,
coe-csit-1node-container-networking-only-sodium,
controller-csit-1node-akka1-all-sodium,
controller-csit-1node-benchmark-all-sodium,
controller-csit-1node-rest-cars-perf-all-sodium,
controller-csit-3node-benchmark-all-sodium,
controller-csit-3node-clustering-ask-all-sodium,
controller-csit-3node-clustering-tell-all-sodium,
controller-csit-3node-rest-clust-cars-perf-ask-only-sodium,
controller-csit-3node-rest-clust-cars-perf-tell-only-sodium,
daexim-csit-1node-basic-only-sodium,
daexim-csit-3node-clustering-basic-only-sodium,
distribution-csit-1node-userfeatures-all-sodium,
distribution-csit-managed-sodium,
genius-csit-1node-upstream-only-sodium,
genius-csit-3node-upstream-only-sodium,
lispflowmapping-csit-1node-msmr-all-sodium,
lispflowmapping-csit-1node-performance-only-sodium,
lispflowmapping-csit-3node-msmr-all-sodium,
mdsal-csit-1node-bindingv1-only-sodium,
netconf-csit-1node-callhome-only-sodium,
netconf-csit-1node-scale-only-sodium,
netconf-csit-1node-userfeatures-all-sodium,
netconf-csit-3node-clustering-only-sodium,
netconf-csit-3node-clustering-scale-only-sodium,
netvirt-csit-1node-0cmb-1ctl-2cmp-apex-queens-upstream-snat-conntrack-sodium,
netvirt-csit-1node-0cmb-1ctl-2cmp-openstack-queens-upgrade-snat-conntrack-sodium,
netvirt-csit-1node-0cmb-1ctl-2cmp-openstack-queens-upgrade-sodium,
odltools-csit-1node-upstream-all-sodium,
openflowplugin-csit-1node-bundle-based-reconciliation-all-sodium,
openflowplugin-csit-1node-cbench-only-sodium,
openflowplugin-csit-1node-flow-services-all-sodium,
openflowplugin-csit-1node-perf-bulkomatic-only-sodium,
openflowplugin-csit-1node-perf-stats-collection-only-sodium,
openflowplugin-csit-1node-scale-link-only-sodium,
openflowplugin-csit-1node-scale-only-sodium,
openflowplugin-csit-1node-scale-switch-only-sodium,
openflowplugin-csit-3node-clustering-bulkomatic-only-sodium,
openflowplugin-csit-3node-clustering-only-sodium,
openflowplugin-csit-3node-clustering-perf-bulkomatic-only-sodium,
ovsdb-csit-1node-upstream-southbound-all-sodium,
ovsdb-csit-3node-upstream-clustering-only-sodium,
sfc-csit-3node-docker-full-deploy-all-sodium,
sfc-csit-3node-rest-basic-all-sodium,
telemetry-csit-1node-basic-all-sodium,
yangtools-csit-1node-system-only-sodium,
