bgpcep-csit-1node-bgp-ingest-all-scandium,
bgpcep-csit-1node-bgp-ingest-mixed-all-scandium,
bgpcep-csit-1node-throughpcep-all-scandium,
bgpcep-csit-1node-userfeatures-all-scandium,
daexim-csit-1node-basic-only-scandium,
daexim-csit-3node-clustering-basic-only-scandium,
distribution-csit-managed-scandium,
jsonrpc-csit-1node-basic-only-scandium,
openflowplugin-csit-1node-cbench-only-scandium,
openflowplugin-csit-1node-flow-services-all-scandium,
openflowplugin-csit-1node-perf-bulkomatic-only-scandium,
openflowplugin-csit-1node-perf-stats-collection-only-scandium,
openflowplugin-csit-1node-scale-link-only-scandium,
openflowplugin-csit-1node-scale-only-scandium,
openflowplugin-csit-1node-scale-switch-only-scandium,
openflowplugin-csit-3node-clustering-bulkomatic-only-scandium,
openflowplugin-csit-3node-clustering-only-scandium,
openflowplugin-csit-3node-clustering-perf-bulkomatic-only-scandium,
ovsdb-csit-1node-upstream-southbound-all-scandium,
ovsdb-csit-3node-upstream-clustering-only-scandium,
