bgpcep-csit-1node-bgp-ingest-all-potassium,
bgpcep-csit-1node-bgp-ingest-mixed-all-potassium,
bgpcep-csit-1node-throughpcep-all-potassium,
bgpcep-csit-1node-userfeatures-all-potassium,
daexim-csit-1node-basic-only-potassium,
daexim-csit-3node-clustering-basic-only-potassium,
distribution-csit-managed-potassium,
jsonrpc-csit-1node-basic-only-potassium,
openflowplugin-csit-1node-cbench-only-potassium,
openflowplugin-csit-1node-flow-services-all-potassium,
openflowplugin-csit-1node-perf-bulkomatic-only-potassium,
openflowplugin-csit-1node-perf-stats-collection-only-potassium,
openflowplugin-csit-1node-scale-link-only-potassium,
openflowplugin-csit-1node-scale-only-potassium,
openflowplugin-csit-1node-scale-switch-only-potassium,
openflowplugin-csit-3node-clustering-bulkomatic-only-potassium,
openflowplugin-csit-3node-clustering-only-potassium,
openflowplugin-csit-3node-clustering-perf-bulkomatic-only-potassium,
ovsdb-csit-1node-upstream-southbound-all-potassium,
ovsdb-csit-3node-upstream-clustering-only-potassium,
