bgpcep-csit-1node-bgp-ingest-all-vanadium,
bgpcep-csit-1node-bgp-ingest-mixed-all-vanadium,
bgpcep-csit-1node-throughpcep-all-vanadium,
bgpcep-csit-1node-userfeatures-all-vanadium,
daexim-csit-1node-basic-only-vanadium,
daexim-csit-3node-clustering-basic-only-vanadium,
distribution-csit-managed-vanadium,
jsonrpc-csit-1node-basic-only-vanadium,
openflowplugin-csit-1node-cbench-only-vanadium,
openflowplugin-csit-1node-flow-services-all-vanadium,
openflowplugin-csit-1node-perf-bulkomatic-only-vanadium,
openflowplugin-csit-1node-perf-stats-collection-only-vanadium,
openflowplugin-csit-1node-scale-link-only-vanadium,
openflowplugin-csit-1node-scale-only-vanadium,
openflowplugin-csit-1node-scale-switch-only-vanadium,
openflowplugin-csit-3node-clustering-bulkomatic-only-vanadium,
openflowplugin-csit-3node-clustering-only-vanadium,
openflowplugin-csit-3node-clustering-perf-bulkomatic-only-vanadium,
ovsdb-csit-1node-upstream-southbound-all-vanadium,
ovsdb-csit-3node-upstream-clustering-only-vanadium,
