aaa-csit-1node-authn-all-fluorine,
bgpcep-csit-1node-bgp-ingest-all-fluorine,
bgpcep-csit-1node-bgp-ingest-mixed-all-fluorine,
bgpcep-csit-1node-gate-bgp-ingest-mixed-all-fluorine,
bgpcep-csit-1node-gate-throughpcep-all-fluorine,
bgpcep-csit-1node-gate-userfeatures-all-fluorine,
bgpcep-csit-1node-throughpcep-all-fluorine,
bgpcep-csit-1node-userfeatures-all-fluorine,
bgpcep-csit-3node-bgpclustering-all-fluorine,
bgpcep-csit-3node-bgpclustering-ha-only-fluorine,
bgpcep-csit-3node-bgpclustering-longevity-only-fluorine,
coe-csit-1node-container-networking-only-fluorine,
coe-csit-1node-gate-container-networking-only-fluorine,
controller-csit-1node-akka1-all-fluorine,
controller-csit-1node-benchmark-all-fluorine,
controller-csit-1node-notifications-longevity-only-fluorine,
controller-csit-1node-rest-cars-perf-all-fluorine,
controller-csit-3node-benchmark-all-fluorine,
controller-csit-3node-clustering-ask-all-fluorine,
controller-csit-3node-clustering-tell-all-fluorine,
controller-csit-3node-cs-chasing-leader-longevity-only-fluorine,
controller-csit-3node-cs-partnheal-longevity-only-fluorine,
controller-csit-3node-ddb-expl-lead-movement-longevity-only-fluorine,
controller-csit-3node-drb-partnheal-longevity-only-fluorine,
controller-csit-3node-drb-precedence-longevity-only-fluorine,
controller-csit-3node-rest-clust-cars-perf-ask-only-fluorine,
controller-csit-3node-rest-clust-cars-perf-tell-only-fluorine,
daexim-csit-1node-basic-only-fluorine,
daexim-csit-3node-clustering-basic-only-fluorine,
distribution-csit-1node-userfeatures-all-fluorine,
distribution-csit-managed-fluorine,
genius-csit-1node-gate-only-fluorine,
genius-csit-1node-tdd-wip-only-fluorine,
genius-csit-1node-upstream-only-fluorine,
genius-csit-3node-gate-only-fluorine,
genius-csit-3node-tdd-wip-only-fluorine,
genius-csit-3node-upstream-only-fluorine,
lispflowmapping-csit-1node-msmr-all-fluorine,
lispflowmapping-csit-1node-performance-only-fluorine,
lispflowmapping-csit-3node-msmr-all-fluorine,
mdsal-csit-1node-bindingv1-only-fluorine,
netconf-csit-1node-callhome-only-fluorine,
netconf-csit-1node-gate-callhome-only-fluorine,
netconf-csit-1node-gate-userfeatures-all-fluorine,
netconf-csit-1node-scale-only-fluorine,
netconf-csit-1node-userfeatures-all-fluorine,
netconf-csit-3node-clustering-only-fluorine,
netconf-csit-3node-clustering-scale-only-fluorine,
netvirt-csit-1node-0cmb-1ctl-2cmp-apex-queens-gate-snat-conntrack-fluorine,
netvirt-csit-1node-0cmb-1ctl-2cmp-apex-queens-upstream-snat-conntrack-fluorine,
netvirt-csit-1node-0cmb-1ctl-2cmp-openstack-queens-gate-minimal-cluster-fluorine,
netvirt-csit-1node-0cmb-1ctl-2cmp-openstack-queens-gate-stateful-fluorine,
netvirt-csit-1node-0cmb-1ctl-2cmp-openstack-queens-gate-stateful-itm-direct-tunnels-fluorine,
netvirt-csit-1node-0cmb-1ctl-2cmp-openstack-queens-gate-stateful-snat-conntrack-fluorine,
netvirt-csit-1node-0cmb-1ctl-2cmp-openstack-queens-gate-tdd-wip-fluorine,
netvirt-csit-1node-0cmb-1ctl-2cmp-openstack-queens-gate-tempest-stateful-fluorine,
netvirt-csit-1node-0cmb-1ctl-2cmp-openstack-queens-gate-tempest-stateful-snat-conntrack-fluorine,
netvirt-csit-1node-0cmb-1ctl-2cmp-openstack-queens-sfc-fluorine,
netvirt-csit-1node-0cmb-1ctl-2cmp-openstack-queens-tempest-stateful-fluorine,
netvirt-csit-1node-0cmb-1ctl-2cmp-openstack-queens-tempest-stateful-snat-conntrack-fluorine,
netvirt-csit-1node-0cmb-1ctl-2cmp-openstack-queens-upgrade-fluorine,
netvirt-csit-1node-0cmb-1ctl-2cmp-openstack-queens-upgrade-snat-conntrack-fluorine,
netvirt-csit-1node-0cmb-1ctl-2cmp-openstack-queens-upstream-stateful-fluorine,
netvirt-csit-1node-0cmb-1ctl-2cmp-openstack-queens-upstream-stateful-itm-direct-tunnels-fluorine,
netvirt-csit-1node-0cmb-1ctl-2cmp-openstack-queens-upstream-stateful-snat-conntrack-fluorine,
netvirt-csit-1node-1cmb-0ctl-0cmp-openstack-queens-gate-minimal-cluster-fluorine,
netvirt-csit-1node-1cmb-0ctl-0cmp-openstack-queens-gate-stateful-fluorine,
netvirt-csit-1node-1cmb-0ctl-0cmp-openstack-queens-gate-stateful-itm-direct-tunnels-fluorine,
netvirt-csit-1node-1cmb-0ctl-0cmp-openstack-queens-gate-stateful-snat-conntrack-fluorine,
netvirt-csit-1node-1cmb-0ctl-0cmp-openstack-queens-gate-tdd-wip-fluorine,
netvirt-csit-1node-1cmb-0ctl-0cmp-openstack-queens-gate-tempest-stateful-fluorine,
netvirt-csit-1node-1cmb-0ctl-0cmp-openstack-queens-gate-tempest-stateful-snat-conntrack-fluorine,
netvirt-csit-1node-1cmb-0ctl-0cmp-openstack-queens-tempest-stateful-fluorine,
netvirt-csit-1node-1cmb-0ctl-0cmp-openstack-queens-tempest-stateful-snat-conntrack-fluorine,
netvirt-csit-1node-1cmb-0ctl-0cmp-openstack-queens-upstream-stateful-fluorine,
netvirt-csit-1node-1cmb-0ctl-0cmp-openstack-queens-upstream-stateful-snat-conntrack-fluorine,
netvirt-csit-3node-0cmb-1ctl-2cmp-openstack-queens-gate-minimal-cluster-fluorine,
netvirt-csit-3node-0cmb-1ctl-2cmp-openstack-queens-gate-stateful-fluorine,
netvirt-csit-3node-0cmb-1ctl-2cmp-openstack-queens-gate-stateful-itm-direct-tunnels-fluorine,
netvirt-csit-3node-0cmb-1ctl-2cmp-openstack-queens-gate-stateful-snat-conntrack-fluorine,
netvirt-csit-3node-0cmb-1ctl-2cmp-openstack-queens-gate-tdd-wip-fluorine,
netvirt-csit-3node-0cmb-1ctl-2cmp-openstack-queens-gate-tempest-stateful-fluorine,
netvirt-csit-3node-0cmb-1ctl-2cmp-openstack-queens-gate-tempest-stateful-snat-conntrack-fluorine,
netvirt-csit-3node-0cmb-1ctl-2cmp-openstack-queens-tempest-stateful-fluorine,
netvirt-csit-3node-0cmb-1ctl-2cmp-openstack-queens-tempest-stateful-snat-conntrack-fluorine,
netvirt-csit-3node-0cmb-1ctl-2cmp-openstack-queens-upstream-stateful-fluorine,
netvirt-csit-3node-0cmb-1ctl-2cmp-openstack-queens-upstream-stateful-itm-direct-tunnels-fluorine,
netvirt-csit-3node-0cmb-1ctl-2cmp-openstack-queens-upstream-stateful-snat-conntrack-fluorine,
netvirt-csit-hwvtep-1node-0cmb-1ctl-2cmp-openstack-queens-gate-stateful-fluorine,
netvirt-csit-hwvtep-1node-0cmb-1ctl-2cmp-openstack-queens-upstream-stateful-fluorine,
netvirt-csit-hwvtep-3node-0cmb-1ctl-2cmp-openstack-queens-gate-stateful-fluorine,
netvirt-csit-hwvtep-3node-0cmb-1ctl-2cmp-openstack-queens-upstream-stateful-fluorine,
odltools-csit-1node-gate-all-fluorine,
odltools-csit-1node-upstream-all-fluorine,
openflowplugin-csit-1node-bundle-based-reconciliation-all-fluorine,
openflowplugin-csit-1node-cbench-only-fluorine,
openflowplugin-csit-1node-flow-services-all-fluorine,
openflowplugin-csit-1node-gate-flow-services-all-fluorine,
openflowplugin-csit-1node-gate-perf-bulkomatic-only-fluorine,
openflowplugin-csit-1node-gate-perf-stats-collection-only-fluorine,
openflowplugin-csit-1node-gate-scale-only-fluorine,
openflowplugin-csit-1node-longevity-only-fluorine,
openflowplugin-csit-1node-perf-bulkomatic-only-fluorine,
openflowplugin-csit-1node-perf-stats-collection-only-fluorine,
openflowplugin-csit-1node-sanity-only-fluorine,
openflowplugin-csit-1node-scale-link-only-fluorine,
openflowplugin-csit-1node-scale-only-fluorine,
openflowplugin-csit-1node-scale-switch-only-fluorine,
openflowplugin-csit-3node-clustering-bulkomatic-only-fluorine,
openflowplugin-csit-3node-clustering-only-fluorine,
openflowplugin-csit-3node-clustering-perf-bulkomatic-only-fluorine,
openflowplugin-csit-3node-gate-clustering-bulkomatic-only-fluorine,
openflowplugin-csit-3node-gate-clustering-only-fluorine,
openflowplugin-csit-3node-gate-clustering-perf-bulkomatic-only-fluorine,
ovsdb-csit-1node-gate-southbound-all-fluorine,
ovsdb-csit-1node-upstream-southbound-all-fluorine,
ovsdb-csit-3node-gate-clustering-only-fluorine,
ovsdb-csit-3node-upstream-clustering-only-fluorine,
sfc-csit-3node-docker-full-deploy-all-fluorine,
sfc-csit-3node-rest-basic-all-fluorine,
yangtools-csit-1node-system-only-fluorine,
