aaa-csit-1node-authn-all-aluminium,
bgpcep-csit-1node-bgp-ingest-all-aluminium,
bgpcep-csit-1node-bgp-ingest-mixed-all-aluminium,
bgpcep-csit-1node-throughpcep-all-aluminium,
bgpcep-csit-1node-userfeatures-all-aluminium,
controller-csit-1node-akka1-all-aluminium,
controller-csit-1node-benchmark-all-aluminium,
controller-csit-1node-rest-cars-perf-all-aluminium,
controller-csit-3node-benchmark-all-aluminium,
controller-csit-3node-clustering-ask-all-aluminium,
controller-csit-3node-clustering-tell-all-aluminium,
controller-csit-3node-rest-clust-cars-perf-ask-only-aluminium,
controller-csit-3node-rest-clust-cars-perf-tell-only-aluminium,
daexim-csit-1node-basic-only-aluminium,
daexim-csit-3node-clustering-basic-only-aluminium,
distribution-csit-1node-userfeatures-all-aluminium,
distribution-csit-managed-aluminium,
genius-csit-1node-upstream-only-aluminium,
genius-csit-3node-upstream-only-aluminium,
jsonrpc-csit-1node-basic-only-aluminium,
lispflowmapping-csit-1node-msmr-all-aluminium,
lispflowmapping-csit-1node-performance-only-aluminium,
lispflowmapping-csit-3node-msmr-all-aluminium,
netconf-csit-1node-callhome-only-aluminium,
netconf-csit-1node-scale-max-devices-only-aluminium,
netconf-csit-1node-scale-only-aluminium,
netconf-csit-1node-userfeatures-all-aluminium,
netconf-csit-1node-userfeatures-rfc8040-all-aluminium,
netconf-csit-3node-clustering-only-aluminium,
netconf-csit-3node-clustering-scale-only-aluminium,
netvirt-csit-1node-0cmb-1ctl-2cmp-apex-queens-upstream-snat-conntrack-aluminium,
netvirt-csit-1node-0cmb-1ctl-2cmp-openstack-queens-dcgw-aluminium,
netvirt-csit-1node-0cmb-1ctl-2cmp-openstack-queens-upgrade-aluminium,
netvirt-csit-1node-0cmb-1ctl-2cmp-openstack-queens-upgrade-snat-conntrack-aluminium,
netvirt-csit-1node-0cmb-1ctl-2cmp-openstack-queens-upstream-stateful-aluminium,
netvirt-csit-1node-0cmb-1ctl-2cmp-openstack-queens-upstream-stateful-itm-direct-tunnels-aluminium,
netvirt-csit-1node-0cmb-1ctl-2cmp-openstack-queens-upstream-stateful-snat-conntrack-aluminium,
netvirt-csit-1node-0cmb-1ctl-2cmp-openstack-rocky-dcgw-aluminium,
netvirt-csit-1node-0cmb-1ctl-2cmp-openstack-rocky-upstream-stateful-aluminium,
netvirt-csit-1node-0cmb-1ctl-2cmp-openstack-rocky-upstream-stateful-itm-direct-tunnels-aluminium,
netvirt-csit-1node-0cmb-1ctl-2cmp-openstack-rocky-upstream-stateful-snat-conntrack-aluminium,
netvirt-csit-1node-1cmb-0ctl-0cmp-openstack-queens-upstream-stateful-aluminium,
netvirt-csit-1node-1cmb-0ctl-0cmp-openstack-queens-upstream-stateful-snat-conntrack-aluminium,
netvirt-csit-1node-1cmb-0ctl-0cmp-openstack-rocky-upstream-stateful-aluminium,
netvirt-csit-1node-1cmb-0ctl-0cmp-openstack-rocky-upstream-stateful-itm-direct-tunnels-aluminium,
netvirt-csit-1node-1cmb-0ctl-0cmp-openstack-rocky-upstream-stateful-snat-conntrack-aluminium,
netvirt-csit-1node-1cmb-0ctl-0cmp-openstack-stein-upstream-stateful-aluminium,
netvirt-csit-1node-1cmb-0ctl-0cmp-openstack-stein-upstream-stateful-itm-direct-tunnels-aluminium,
netvirt-csit-1node-1cmb-0ctl-0cmp-openstack-stein-upstream-stateful-snat-conntrack-aluminium,
netvirt-csit-3node-0cmb-1ctl-2cmp-openstack-queens-dcgw-aluminium,
netvirt-csit-3node-0cmb-1ctl-2cmp-openstack-queens-upstream-stateful-aluminium,
netvirt-csit-3node-0cmb-1ctl-2cmp-openstack-queens-upstream-stateful-itm-direct-tunnels-aluminium,
netvirt-csit-3node-0cmb-1ctl-2cmp-openstack-queens-upstream-stateful-snat-conntrack-aluminium,
netvirt-csit-3node-0cmb-1ctl-2cmp-openstack-rocky-dcgw-aluminium,
netvirt-csit-3node-0cmb-1ctl-2cmp-openstack-rocky-upstream-stateful-aluminium,
netvirt-csit-3node-0cmb-1ctl-2cmp-openstack-rocky-upstream-stateful-itm-direct-tunnels-aluminium,
netvirt-csit-3node-0cmb-1ctl-2cmp-openstack-rocky-upstream-stateful-snat-conntrack-aluminium,
netvirt-csit-hwvtep-1node-0cmb-1ctl-2cmp-openstack-queens-upstream-stateful-aluminium,
netvirt-csit-hwvtep-3node-0cmb-1ctl-2cmp-openstack-queens-upstream-stateful-aluminium,
odltools-csit-1node-upstream-all-aluminium,
openflowplugin-csit-1node-cbench-only-aluminium,
openflowplugin-csit-1node-flow-services-all-aluminium,
openflowplugin-csit-1node-perf-bulkomatic-only-aluminium,
openflowplugin-csit-1node-perf-stats-collection-only-aluminium,
openflowplugin-csit-1node-scale-link-only-aluminium,
openflowplugin-csit-1node-scale-only-aluminium,
openflowplugin-csit-1node-scale-switch-only-aluminium,
openflowplugin-csit-3node-clustering-bulkomatic-only-aluminium,
openflowplugin-csit-3node-clustering-only-aluminium,
openflowplugin-csit-3node-clustering-perf-bulkomatic-only-aluminium,
ovsdb-csit-1node-upstream-southbound-all-aluminium,
ovsdb-csit-3node-upstream-clustering-only-aluminium,
