aaa-csit-1node-authn-all-magnesium,
bgpcep-csit-1node-bgp-ingest-all-magnesium,
bgpcep-csit-1node-bgp-ingest-mixed-all-magnesium,
bgpcep-csit-1node-throughpcep-all-magnesium,
bgpcep-csit-1node-userfeatures-all-magnesium,
bgpcep-csit-3node-bgpclustering-all-magnesium,
bgpcep-csit-3node-bgpclustering-ha-only-magnesium,
controller-csit-1node-akka1-all-magnesium,
controller-csit-1node-benchmark-all-magnesium,
controller-csit-1node-rest-cars-perf-all-magnesium,
controller-csit-3node-benchmark-all-magnesium,
controller-csit-3node-clustering-ask-all-magnesium,
controller-csit-3node-clustering-tell-all-magnesium,
controller-csit-3node-rest-clust-cars-perf-ask-only-magnesium,
controller-csit-3node-rest-clust-cars-perf-tell-only-magnesium,
daexim-csit-1node-basic-only-magnesium,
daexim-csit-3node-clustering-basic-only-magnesium,
distribution-csit-1node-userfeatures-all-magnesium,
distribution-csit-managed-magnesium,
genius-csit-1node-upstream-only-magnesium,
genius-csit-3node-upstream-only-magnesium,
jsonrpc-csit-1node-basic-only-magnesium,
lispflowmapping-csit-1node-msmr-all-magnesium,
lispflowmapping-csit-1node-performance-only-magnesium,
lispflowmapping-csit-3node-msmr-all-magnesium,
mdsal-csit-1node-bindingv1-only-magnesium,
netconf-csit-1node-callhome-only-magnesium,
netconf-csit-1node-scale-max-devices-only-magnesium,
netconf-csit-1node-scale-only-magnesium,
netconf-csit-1node-userfeatures-all-magnesium,
netconf-csit-3node-clustering-only-magnesium,
netconf-csit-3node-clustering-scale-only-magnesium,
netvirt-csit-1node-0cmb-1ctl-2cmp-apex-queens-upstream-snat-conntrack-magnesium,
netvirt-csit-1node-0cmb-1ctl-2cmp-openstack-queens-dcgw-magnesium,
netvirt-csit-1node-0cmb-1ctl-2cmp-openstack-queens-upgrade-magnesium,
netvirt-csit-1node-0cmb-1ctl-2cmp-openstack-queens-upgrade-snat-conntrack-magnesium,
netvirt-csit-1node-0cmb-1ctl-2cmp-openstack-queens-upstream-stateful-itm-direct-tunnels-magnesium,
netvirt-csit-1node-0cmb-1ctl-2cmp-openstack-queens-upstream-stateful-magnesium,
netvirt-csit-1node-0cmb-1ctl-2cmp-openstack-queens-upstream-stateful-snat-conntrack-magnesium,
netvirt-csit-1node-0cmb-1ctl-2cmp-openstack-rocky-dcgw-magnesium,
netvirt-csit-1node-0cmb-1ctl-2cmp-openstack-rocky-upstream-stateful-itm-direct-tunnels-magnesium,
netvirt-csit-1node-0cmb-1ctl-2cmp-openstack-rocky-upstream-stateful-magnesium,
netvirt-csit-1node-0cmb-1ctl-2cmp-openstack-rocky-upstream-stateful-snat-conntrack-magnesium,
netvirt-csit-1node-1cmb-0ctl-0cmp-openstack-queens-upstream-stateful-magnesium,
netvirt-csit-1node-1cmb-0ctl-0cmp-openstack-queens-upstream-stateful-snat-conntrack-magnesium,
netvirt-csit-1node-1cmb-0ctl-0cmp-openstack-rocky-upstream-stateful-itm-direct-tunnels-magnesium,
netvirt-csit-1node-1cmb-0ctl-0cmp-openstack-rocky-upstream-stateful-magnesium,
netvirt-csit-1node-1cmb-0ctl-0cmp-openstack-rocky-upstream-stateful-snat-conntrack-magnesium,
netvirt-csit-1node-1cmb-0ctl-0cmp-openstack-stein-upstream-stateful-itm-direct-tunnels-magnesium,
netvirt-csit-1node-1cmb-0ctl-0cmp-openstack-stein-upstream-stateful-magnesium,
netvirt-csit-1node-1cmb-0ctl-0cmp-openstack-stein-upstream-stateful-snat-conntrack-magnesium,
netvirt-csit-3node-0cmb-1ctl-2cmp-openstack-queens-dcgw-magnesium,
netvirt-csit-3node-0cmb-1ctl-2cmp-openstack-queens-upstream-stateful-itm-direct-tunnels-magnesium,
netvirt-csit-3node-0cmb-1ctl-2cmp-openstack-queens-upstream-stateful-magnesium,
netvirt-csit-3node-0cmb-1ctl-2cmp-openstack-queens-upstream-stateful-snat-conntrack-magnesium,
netvirt-csit-3node-0cmb-1ctl-2cmp-openstack-rocky-dcgw-magnesium,
netvirt-csit-3node-0cmb-1ctl-2cmp-openstack-rocky-upstream-stateful-itm-direct-tunnels-magnesium,
netvirt-csit-3node-0cmb-1ctl-2cmp-openstack-rocky-upstream-stateful-magnesium,
netvirt-csit-3node-0cmb-1ctl-2cmp-openstack-rocky-upstream-stateful-snat-conntrack-magnesium,
netvirt-csit-hwvtep-1node-0cmb-1ctl-2cmp-openstack-queens-upstream-stateful-magnesium,
netvirt-csit-hwvtep-3node-0cmb-1ctl-2cmp-openstack-queens-upstream-stateful-magnesium,
odltools-csit-1node-upstream-all-magnesium,
openflowplugin-csit-1node-bundle-based-reconciliation-all-magnesium,
openflowplugin-csit-1node-cbench-only-magnesium,
openflowplugin-csit-1node-flow-services-all-magnesium,
openflowplugin-csit-1node-perf-bulkomatic-only-magnesium,
openflowplugin-csit-1node-perf-stats-collection-only-magnesium,
openflowplugin-csit-1node-scale-link-only-magnesium,
openflowplugin-csit-1node-scale-only-magnesium,
openflowplugin-csit-1node-scale-switch-only-magnesium,
openflowplugin-csit-3node-clustering-bulkomatic-only-magnesium,
openflowplugin-csit-3node-clustering-only-magnesium,
openflowplugin-csit-3node-clustering-perf-bulkomatic-only-magnesium,
ovsdb-csit-1node-upstream-southbound-all-magnesium,
ovsdb-csit-3node-upstream-clustering-only-magnesium,
yangtools-csit-1node-system-only-magnesium,
