bgpcep-csit-1node-bgp-ingest-all-silicon,
bgpcep-csit-1node-bgp-ingest-mixed-all-silicon,
bgpcep-csit-1node-throughpcep-all-silicon,
bgpcep-csit-1node-userfeatures-all-silicon,
daexim-csit-1node-basic-only-silicon,
daexim-csit-3node-clustering-basic-only-silicon,
distribution-csit-1node-userfeatures-all-silicon,
distribution-csit-managed-silicon,
jsonrpc-csit-1node-basic-only-silicon,
odltools-csit-1node-upstream-all-silicon,
openflowplugin-csit-1node-cbench-only-silicon,
openflowplugin-csit-1node-flow-services-all-silicon,
openflowplugin-csit-1node-perf-bulkomatic-only-silicon,
openflowplugin-csit-1node-perf-stats-collection-only-silicon,
openflowplugin-csit-1node-scale-link-only-silicon,
openflowplugin-csit-1node-scale-only-silicon,
openflowplugin-csit-1node-scale-switch-only-silicon,
openflowplugin-csit-3node-clustering-bulkomatic-only-silicon,
openflowplugin-csit-3node-clustering-only-silicon,
openflowplugin-csit-3node-clustering-perf-bulkomatic-only-silicon,
ovsdb-csit-1node-upstream-southbound-all-silicon,
ovsdb-csit-3node-upstream-clustering-only-silicon,
