aaa-csit-1node-authn-all-oxygen,
aaa-csit-1node-authn-only-oxygen,
aaa-csit-1node-idmlite-all-oxygen,
aaa-csit-1node-idmlite-only-oxygen,
aaa-csit-1node-keystone-all-oxygen,
aaa-csit-1node-keystone-only-oxygen,
aaa-csit-1node-tls-only-oxygen,
alto-csit-1node-setup-all-oxygen,
alto-csit-1node-setup-only-oxygen,
bgpcep-csit-1node-periodic-bgp-ingest-all-oxygen,
bgpcep-csit-1node-periodic-bgp-ingest-only-oxygen,
bgpcep-csit-1node-periodic-throughpcep-all-oxygen,
bgpcep-csit-1node-periodic-throughpcep-only-oxygen,
bgpcep-csit-1node-userfeatures-all-oxygen,
bgpcep-csit-1node-userfeatures-only-oxygen,
bgpcep-csit-3node-periodic-bgpclustering-all-oxygen,
bgpcep-csit-3node-periodic-bgpclustering-ha-only-oxygen,
bgpcep-csit-3node-periodic-bgpclustering-only-oxygen,
bier-csit-1node-basic-all-oxygen,
bier-csit-1node-basic-only-oxygen,
capwap-csit-1node-ac-all-oxygen,
capwap-csit-1node-ac-only-oxygen,
centinel-csit-1node-basic-all-oxygen,
centinel-csit-1node-basic-only-oxygen,
coe-csit-1node-openstack-ocata-kubernetes-oxygen,
coe-csit-3node-openstack-ocata-kubernetes-oxygen,
controller-csit-1node-akka1-all-oxygen,
controller-csit-1node-akka1-only-oxygen,
controller-csit-1node-periodic-benchmark-all-oxygen,
controller-csit-1node-periodic-benchmark-only-oxygen,
controller-csit-1node-rest-cars-perf-all-oxygen,
controller-csit-1node-rest-cars-perf-only-oxygen,
controller-csit-3node-clustering-all-oxygen,
controller-csit-3node-clustering-only-oxygen,
controller-csit-3node-periodic-benchmark-all-oxygen,
controller-csit-3node-periodic-benchmark-only-oxygen,
controller-csit-3node-rest-clust-cars-perf-only-oxygen,
daexim-csit-1node-basic-only-oxygen,
didm-csit-1node-discovery-only-oxygen,
distribution-csit-1node-userfeatures-all-oxygen,
distribution-csit-1node-userfeatures-only-oxygen,
dluxapps-csit-1node-yangman-all-oxygen,
dluxapps-csit-1node-yangman-only-oxygen,
genius-csit-1node-upstream-all-oxygen,
genius-csit-1node-upstream-only-oxygen,
genius-csit-3node-upstream-all-oxygen,
genius-csit-3node-upstream-only-oxygen,
groupbasedpolicy-csit-1node-3-node-all-oxygen,
groupbasedpolicy-csit-1node-3-node-only-oxygen,
groupbasedpolicy-csit-1node-6node-all-oxygen,
groupbasedpolicy-csit-1node-6node-only-oxygen,
groupbasedpolicy-csit-1node-openstack-newton-openstack-oxygen,
groupbasedpolicy-csit-1node-sxp-only-oxygen,
groupbasedpolicy-csit-3node-clustering-all-oxygen,
groupbasedpolicy-csit-3node-clustering-only-oxygen,
iotdm-csit-1node-basic-all-oxygen,
iotdm-csit-1node-basic-only-oxygen,
jsonrpc-csit-1node-basic-only-oxygen,
l2switch-csit-1node-periodic-host-scalability-daily-only-oxygen,
l2switch-csit-1node-scalability-all-oxygen,
l2switch-csit-1node-scalability-only-oxygen,
l2switch-csit-1node-switch-all-oxygen,
l2switch-csit-1node-switch-only-oxygen,
lacp-csit-1node-lacp-all-oxygen,
lacp-csit-1node-lacp-only-oxygen,
lispflowmapping-csit-1node-msmr-all-oxygen,
lispflowmapping-csit-1node-msmr-only-oxygen,
lispflowmapping-csit-1node-performance-only-oxygen,
lispflowmapping-csit-3node-msmr-all-oxygen,
lispflowmapping-csit-3node-msmr-only-oxygen,
mdsal-csit-1node-periodic-bindingv1-only-oxygen,
messaging4transport-csit-1node-basic-all-oxygen,
messaging4transport-csit-1node-basic-only-oxygen,
natapp-csit-1node-basic-all-oxygen,
natapp-csit-1node-basic-only-oxygen,
nemo-csit-1node-engine-all-oxygen,
nemo-csit-1node-engine-only-oxygen,
netconf-csit-1node-callhome-only-oxygen,
netconf-csit-1node-periodic-scale-all-oxygen,
netconf-csit-1node-periodic-scale-only-oxygen,
netconf-csit-1node-userfeatures-all-oxygen,
netconf-csit-1node-userfeatures-only-oxygen,
netconf-csit-3node-cluster-stress-all-oxygen,
netconf-csit-3node-cluster-stress-only-oxygen,
netconf-csit-3node-clustering-all-oxygen,
netconf-csit-3node-clustering-only-oxygen,
netconf-csit-3node-periodic-clustering-scale-all-oxygen,
netconf-csit-3node-periodic-clustering-scale-only-oxygen,
netide-csit-1node-basic-all-oxygen,
netide-csit-1node-basic-only-oxygen,
netvirt-csit-1node-openstack-newton-nodl-v2-upstream-learn-oxygen,
netvirt-csit-1node-openstack-newton-nodl-v2-upstream-stateful-oxygen,
netvirt-csit-1node-openstack-newton-nodl-v2-upstream-stateful-snat-conntrack-oxygen,
netvirt-csit-1node-openstack-newton-nodl-v2-upstream-transparent-oxygen,
netvirt-csit-1node-openstack-newton-upstream-learn-oxygen,
netvirt-csit-1node-openstack-newton-upstream-stateful-oxygen,
netvirt-csit-1node-openstack-newton-upstream-stateful-snat-conntrack-oxygen,
netvirt-csit-1node-openstack-newton-upstream-transparent-oxygen,
netvirt-csit-1node-openstack-ocata-upstream-learn-oxygen,
netvirt-csit-1node-openstack-ocata-upstream-stateful-oxygen,
netvirt-csit-1node-openstack-ocata-upstream-stateful-snat-conntrack-oxygen,
netvirt-csit-1node-openstack-ocata-upstream-transparent-oxygen,
netvirt-csit-3node-openstack-newton-nodl-v2-upstream-learn-oxygen,
netvirt-csit-3node-openstack-newton-nodl-v2-upstream-stateful-oxygen,
netvirt-csit-3node-openstack-newton-nodl-v2-upstream-stateful-snat-conntrack-oxygen,
netvirt-csit-3node-openstack-newton-nodl-v2-upstream-transparent-oxygen,
netvirt-csit-3node-openstack-newton-upstream-learn-oxygen,
netvirt-csit-3node-openstack-newton-upstream-stateful-oxygen,
netvirt-csit-3node-openstack-newton-upstream-stateful-snat-conntrack-oxygen,
netvirt-csit-3node-openstack-newton-upstream-transparent-oxygen,
netvirt-csit-3node-openstack-ocata-upstream-learn-oxygen,
netvirt-csit-3node-openstack-ocata-upstream-stateful-oxygen,
netvirt-csit-3node-openstack-ocata-upstream-stateful-snat-conntrack-oxygen,
netvirt-csit-3node-openstack-ocata-upstream-transparent-oxygen,
netvirt-csit-hwvtep-1node-openstack-newton-nodl-v2-upstream-transparent-oxygen,
netvirt-csit-hwvtep-1node-openstack-newton-upstream-transparent-oxygen,
netvirt-csit-hwvtep-3node-openstack-newton-nodl-v2-upstream-transparent-oxygen,
netvirt-csit-hwvtep-3node-openstack-newton-upstream-transparent-oxygen,
nic-csit-1node-basic-all-oxygen,
nic-csit-1node-basic-only-oxygen,
ocpplugin-csit-1node-get-all-oxygen,
ocpplugin-csit-1node-get-only-oxygen,
ocpplugin-csit-1node-scalability-all-oxygen,
ocpplugin-csit-1node-scalability-only-oxygen,
of-config-csit-1node-basic-all-oxygen,
of-config-csit-1node-basic-only-oxygen,
openflowplugin-csit-1node-flow-services-all-oxygen,
openflowplugin-csit-1node-flow-services-frs-only-oxygen,
openflowplugin-csit-1node-flow-services-only-oxygen,
openflowplugin-csit-1node-periodic-bulkomatic-perf-daily-only-oxygen,
openflowplugin-csit-1node-periodic-cbench-daily-only-oxygen,
openflowplugin-csit-1node-periodic-link-scalability-daily-only-oxygen,
openflowplugin-csit-1node-periodic-restconf-perf-daily-only-oxygen,
openflowplugin-csit-1node-periodic-scale-stats-collection-daily-frs-only-oxygen,
openflowplugin-csit-1node-periodic-scale-stats-collection-daily-only-oxygen,
openflowplugin-csit-1node-periodic-sw-scalability-daily-only-oxygen,
openflowplugin-csit-1node-sanity-only-oxygen,
openflowplugin-csit-1node-scalability-only-oxygen,
openflowplugin-csit-3node-clustering-only-oxygen,
openflowplugin-csit-3node-periodic-bulkomatic-clustering-daily-only-oxygen,
openflowplugin-csit-3node-periodic-bulkomatic-clustering-perf-daily-only-oxygen,
openflowplugin-csit-3node-periodic-restconf-clustering-perf-daily-only-oxygen,
ovsdb-csit-1node-upstream-southbound-all-oxygen,
ovsdb-csit-1node-upstream-southbound-only-oxygen,
ovsdb-csit-3node-upstream-clustering-only-oxygen,
packetcable-csit-1node-pcmm-all-oxygen,
packetcable-csit-1node-pcmm-only-oxygen,
sdninterfaceapp-csit-1node-basic-only-oxygen,
sfc-csit-3node-docker-full-deploy-all-oxygen,
sfc-csit-3node-docker-full-deploy-only-oxygen,
sfc-csit-3node-rest-basic-all-oxygen,
sfc-csit-3node-rest-basic-only-oxygen,
snmp-csit-1node-basic-all-oxygen,
snmp-csit-1node-basic-only-oxygen,
sxp-csit-1node-basic-all-oxygen,
sxp-csit-1node-basic-only-oxygen,
sxp-csit-1node-filtering-all-oxygen,
sxp-csit-1node-filtering-only-oxygen,
sxp-csit-1node-periodic-performance-all-oxygen,
sxp-csit-1node-periodic-performance-only-oxygen,
sxp-csit-1node-topology-all-oxygen,
sxp-csit-1node-topology-only-oxygen,
sxp-csit-3node-periodic-clustering-all-oxygen,
sxp-csit-3node-periodic-clustering-only-oxygen,
sxp-csit-3node-periodic-routing-all-oxygen,
sxp-csit-3node-periodic-routing-only-oxygen,
topoprocessing-csit-1node-topology-operations-all-oxygen,
topoprocessing-csit-1node-topology-operations-only-oxygen,
tsdr-csit-1node-cassandra-datastore-only-oxygen,
tsdr-csit-1node-elasticsearch-datastore-only-oxygen,
tsdr-csit-1node-hbase-datastore-all-oxygen,
tsdr-csit-1node-hbase-datastore-only-oxygen,
tsdr-csit-1node-hsqldb-datastore-all-oxygen,
tsdr-csit-1node-hsqldb-datastore-only-oxygen,
unimgr-csit-1node-basic-all-oxygen,
unimgr-csit-1node-basic-only-oxygen,
unimgr-csit-1node-legato-all-oxygen,
unimgr-csit-1node-legato-only-oxygen,
usc-csit-1node-channel-all-oxygen,
usc-csit-1node-channel-only-oxygen,
usc-csit-1node-tcp-all-oxygen,
usc-csit-1node-tcp-only-oxygen,
usecplugin-csit-1node-basic-all-oxygen,
usecplugin-csit-1node-basic-only-oxygen,
vtn-csit-1node-coordinator-only-oxygen,
vtn-csit-1node-manager-all-oxygen,
vtn-csit-1node-manager-only-oxygen,
vtn-csit-1node-openstack-newton-neutron-oxygen,
vtn-csit-3node-manager-all-oxygen,
vtn-csit-3node-manager-only-oxygen,
yangtools-csit-1node-periodic-system-only-oxygen,
