aaa-csit-1node-authn-all-nitrogen,
aaa-csit-1node-keystone-all-nitrogen,
aaa-csit-1node-tls-only-nitrogen,
alto-csit-1node-setup-all-nitrogen,
bgpcep-csit-1node-periodic-bgp-ingest-all-nitrogen,
bgpcep-csit-1node-periodic-bgp-ingest-mixed-all-nitrogen,
bgpcep-csit-1node-periodic-throughpcep-all-nitrogen,
bgpcep-csit-1node-userfeatures-all-nitrogen,
bgpcep-csit-3node-periodic-bgpclustering-all-nitrogen,
bgpcep-csit-3node-periodic-bgpclustering-ha-only-nitrogen,
bier-csit-1node-basic-all-nitrogen,
controller-csit-1node-akka1-all-nitrogen,
controller-csit-1node-periodic-benchmark-all-nitrogen,
controller-csit-1node-rest-cars-perf-all-nitrogen,
controller-csit-3node-clustering-all-nitrogen,
controller-csit-3node-periodic-benchmark-all-nitrogen,
controller-csit-3node-rest-clust-cars-perf-only-nitrogen,
daexim-csit-1node-basic-only-nitrogen,
daexim-csit-3node-clustering-basic-only-nitrogen,
distribution-csit-1node-userfeatures-all-nitrogen,
dluxapps-csit-1node-yangman-all-nitrogen,
genius-csit-1node-upstream-all-nitrogen,
genius-csit-3node-upstream-all-nitrogen,
groupbasedpolicy-csit-1node-3-node-all-nitrogen,
groupbasedpolicy-csit-1node-6node-all-nitrogen,
groupbasedpolicy-csit-1node-openstack-ocata-openstack-nitrogen,
groupbasedpolicy-csit-1node-sxp-only-nitrogen,
groupbasedpolicy-csit-3node-clustering-all-nitrogen,
l2switch-csit-1node-periodic-host-scalability-daily-only-nitrogen,
l2switch-csit-1node-scalability-all-nitrogen,
l2switch-csit-1node-switch-all-nitrogen,
lispflowmapping-csit-1node-msmr-all-nitrogen,
lispflowmapping-csit-1node-performance-only-nitrogen,
lispflowmapping-csit-3node-msmr-all-nitrogen,
mdsal-csit-1node-periodic-bindingv1-only-nitrogen,
messaging4transport-csit-1node-basic-all-nitrogen,
natapp-csit-1node-basic-all-nitrogen,
nemo-csit-1node-engine-all-nitrogen,
netconf-csit-1node-callhome-only-nitrogen,
netconf-csit-1node-periodic-scale-all-nitrogen,
netconf-csit-1node-userfeatures-all-nitrogen,
netconf-csit-3node-cluster-stress-all-nitrogen,
netconf-csit-3node-clustering-all-nitrogen,
netconf-csit-3node-periodic-clustering-scale-all-nitrogen,
netvirt-csit-1node-openstack-pike-sfc-nitrogen,
netvirt-csit-1node-openstack-pike-upstream-stateful-nitrogen,
netvirt-csit-1node-openstack-pike-upstream-stateful-snat-conntrack-nitrogen,
netvirt-csit-1node-openstack-queens-upstream-stateful-nitrogen,
netvirt-csit-1node-openstack-queens-upstream-stateful-snat-conntrack-nitrogen,
netvirt-csit-3node-openstack-pike-upstream-stateful-nitrogen,
netvirt-csit-3node-openstack-pike-upstream-stateful-snat-conntrack-nitrogen,
netvirt-csit-3node-openstack-queens-upstream-stateful-nitrogen,
netvirt-csit-3node-openstack-queens-upstream-stateful-snat-conntrack-nitrogen,
netvirt-csit-hwvtep-1node-openstack-pike-upstream-stateful-nitrogen,
netvirt-csit-hwvtep-1node-openstack-queens-upstream-stateful-nitrogen,
netvirt-csit-hwvtep-3node-openstack-pike-upstream-stateful-nitrogen,
netvirt-csit-hwvtep-3node-openstack-queens-upstream-stateful-nitrogen,
nic-csit-1node-basic-all-nitrogen,
ocpplugin-csit-1node-get-all-nitrogen,
ocpplugin-csit-1node-scalability-all-nitrogen,
of-config-csit-1node-basic-all-nitrogen,
openflowplugin-csit-1node-cbench-only-nitrogen,
openflowplugin-csit-1node-flow-services-all-nitrogen,
openflowplugin-csit-1node-perf-bulkomatic-only-nitrogen,
openflowplugin-csit-1node-perf-stats-collection-only-nitrogen,
openflowplugin-csit-1node-scale-link-only-nitrogen,
openflowplugin-csit-1node-scale-only-nitrogen,
openflowplugin-csit-1node-scale-switch-only-nitrogen,
openflowplugin-csit-3node-clustering-bulkomatic-only-nitrogen,
openflowplugin-csit-3node-clustering-only-nitrogen,
openflowplugin-csit-3node-clustering-perf-bulkomatic-only-nitrogen,
ovsdb-csit-1node-upstream-southbound-all-nitrogen,
ovsdb-csit-3node-upstream-clustering-only-nitrogen,
packetcable-csit-1node-pcmm-all-nitrogen,
sdninterfaceapp-csit-1node-basic-only-nitrogen,
sfc-csit-3node-docker-full-deploy-all-nitrogen,
sfc-csit-3node-rest-basic-all-nitrogen,
sxp-csit-1node-basic-all-nitrogen,
sxp-csit-1node-filtering-all-nitrogen,
sxp-csit-1node-periodic-performance-all-nitrogen,
sxp-csit-1node-topology-all-nitrogen,
sxp-csit-3node-periodic-clustering-all-nitrogen,
sxp-csit-3node-periodic-routing-all-nitrogen,
topoprocessing-csit-1node-topology-operations-all-nitrogen,
unimgr-csit-1node-basic-all-nitrogen,
unimgr-csit-1node-legato-all-nitrogen,
usc-csit-1node-channel-all-nitrogen,
usc-csit-1node-tcp-all-nitrogen,
usecplugin-csit-1node-basic-all-nitrogen,
vtn-csit-1node-coordinator-only-nitrogen,
vtn-csit-1node-manager-all-nitrogen,
vtn-csit-1node-openstack-pike-neutron-nitrogen,
vtn-csit-3node-manager-all-nitrogen,
yangtools-csit-1node-periodic-system-only-nitrogen,
