aaa-csit-1node-authn-all-fluorine,
aaa-csit-1node-keystone-all-fluorine,
aaa-csit-1node-tls-only-fluorine,
alto-csit-1node-setup-all-fluorine,
bgpcep-csit-1node-periodic-bgp-ingest-all-fluorine,
bgpcep-csit-1node-periodic-bgp-ingest-mixed-all-fluorine,
bgpcep-csit-1node-periodic-throughpcep-all-fluorine,
bgpcep-csit-1node-userfeatures-all-fluorine,
bgpcep-csit-3node-periodic-bgpclustering-all-fluorine,
bgpcep-csit-3node-periodic-bgpclustering-ha-only-fluorine,
bier-csit-1node-basic-all-fluorine,
controller-csit-1node-akka1-all-fluorine,
controller-csit-1node-periodic-benchmark-all-fluorine,
controller-csit-1node-rest-cars-perf-all-fluorine,
controller-csit-3node-clustering-all-fluorine,
controller-csit-3node-periodic-benchmark-all-fluorine,
controller-csit-3node-rest-clust-cars-perf-only-fluorine,
daexim-csit-1node-basic-only-fluorine,
daexim-csit-3node-clustering-basic-only-fluorine,
distribution-csit-1node-userfeatures-all-fluorine,
dluxapps-csit-1node-yangman-all-fluorine,
genius-csit-1node-upstream-all-fluorine,
genius-csit-3node-upstream-all-fluorine,
groupbasedpolicy-csit-1node-3-node-all-fluorine,
groupbasedpolicy-csit-1node-6node-all-fluorine,
groupbasedpolicy-csit-1node-openstack-ocata-openstack-fluorine,
groupbasedpolicy-csit-1node-sxp-only-fluorine,
groupbasedpolicy-csit-3node-clustering-all-fluorine,
l2switch-csit-1node-periodic-host-scalability-daily-only-fluorine,
l2switch-csit-1node-scalability-all-fluorine,
l2switch-csit-1node-switch-all-fluorine,
lispflowmapping-csit-1node-msmr-all-fluorine,
lispflowmapping-csit-1node-performance-only-fluorine,
lispflowmapping-csit-3node-msmr-all-fluorine,
mdsal-csit-1node-periodic-bindingv1-only-fluorine,
messaging4transport-csit-1node-basic-all-fluorine,
natapp-csit-1node-basic-all-fluorine,
nemo-csit-1node-engine-all-fluorine,
netconf-csit-1node-callhome-only-fluorine,
netconf-csit-1node-periodic-scale-all-fluorine,
netconf-csit-1node-userfeatures-all-fluorine,
netconf-csit-3node-cluster-stress-all-fluorine,
netconf-csit-3node-clustering-all-fluorine,
netconf-csit-3node-periodic-clustering-scale-all-fluorine,
netvirt-csit-1node-openstack-pike-upstream-stateful-fluorine,
netvirt-csit-1node-openstack-pike-upstream-stateful-snat-conntrack-fluorine,
netvirt-csit-1node-openstack-queens-upstream-stateful-fluorine,
netvirt-csit-1node-openstack-queens-upstream-stateful-snat-conntrack-fluorine,
netvirt-csit-3node-openstack-pike-upstream-stateful-fluorine,
netvirt-csit-3node-openstack-pike-upstream-stateful-snat-conntrack-fluorine,
netvirt-csit-3node-openstack-queens-upstream-stateful-fluorine,
netvirt-csit-3node-openstack-queens-upstream-stateful-snat-conntrack-fluorine,
netvirt-csit-hwvtep-1node-openstack-pike-upstream-stateful-fluorine,
netvirt-csit-hwvtep-1node-openstack-queens-upstream-stateful-fluorine,
netvirt-csit-hwvtep-3node-openstack-pike-upstream-stateful-fluorine,
netvirt-csit-hwvtep-3node-openstack-queens-upstream-stateful-fluorine,
of-config-csit-1node-basic-all-fluorine,
openflowplugin-csit-1node-cbench-only-fluorine,
openflowplugin-csit-1node-flow-services-all-fluorine,
openflowplugin-csit-1node-perf-bulkomatic-only-fluorine,
openflowplugin-csit-1node-perf-stats-collection-only-fluorine,
openflowplugin-csit-1node-scale-link-only-fluorine,
openflowplugin-csit-1node-scale-only-fluorine,
openflowplugin-csit-1node-scale-switch-only-fluorine,
openflowplugin-csit-3node-clustering-bulkomatic-only-fluorine,
openflowplugin-csit-3node-clustering-only-fluorine,
openflowplugin-csit-3node-clustering-perf-bulkomatic-only-fluorine,
ovsdb-csit-1node-upstream-southbound-all-fluorine,
ovsdb-csit-3node-upstream-clustering-only-fluorine,
p4plugin-csit-1node-basic-all-fluorine,
packetcable-csit-1node-pcmm-all-fluorine,
sdninterfaceapp-csit-1node-basic-only-fluorine,
sfc-csit-3node-docker-full-deploy-all-fluorine,
sfc-csit-3node-rest-basic-all-fluorine,
sxp-csit-1node-basic-all-fluorine,
sxp-csit-1node-filtering-all-fluorine,
sxp-csit-1node-periodic-performance-all-fluorine,
sxp-csit-1node-topology-all-fluorine,
sxp-csit-3node-periodic-clustering-all-fluorine,
sxp-csit-3node-periodic-routing-all-fluorine,
tsdr-csit-1node-cassandra-datastore-only-fluorine,
tsdr-csit-1node-elasticsearch-datastore-only-fluorine,
tsdr-csit-1node-hbase-datastore-all-fluorine,
tsdr-csit-1node-hsqldb-datastore-all-fluorine,
usc-csit-1node-channel-all-fluorine,
usc-csit-1node-tcp-all-fluorine,
usecplugin-csit-1node-basic-all-fluorine,
vtn-csit-1node-coordinator-only-fluorine,
vtn-csit-1node-manager-all-fluorine,
vtn-csit-1node-openstack-pike-neutron-fluorine,
vtn-csit-3node-manager-all-fluorine,
yangtools-csit-1node-periodic-system-only-fluorine,
