aaa-csit-1node-authn-all-neon,
bgpcep-csit-1node-bgp-ingest-all-neon,
bgpcep-csit-1node-bgp-ingest-mixed-all-neon,
bgpcep-csit-1node-throughpcep-all-neon,
bgpcep-csit-1node-userfeatures-all-neon,
bgpcep-csit-3node-bgpclustering-all-neon,
bgpcep-csit-3node-bgpclustering-ha-only-neon,
coe-csit-1node-container-networking-only-neon,
controller-csit-1node-akka1-all-neon,
controller-csit-1node-benchmark-all-neon,
controller-csit-1node-rest-cars-perf-all-neon,
controller-csit-3node-benchmark-all-neon,
controller-csit-3node-clustering-ask-all-neon,
controller-csit-3node-clustering-tell-all-neon,
controller-csit-3node-rest-clust-cars-perf-ask-only-neon,
controller-csit-3node-rest-clust-cars-perf-tell-only-neon,
daexim-csit-1node-basic-only-neon,
daexim-csit-3node-clustering-basic-only-neon,
distribution-csit-1node-userfeatures-all-neon,
distribution-csit-managed-neon,
genius-csit-1node-upstream-only-neon,
genius-csit-3node-upstream-only-neon,
lispflowmapping-csit-1node-msmr-all-neon,
lispflowmapping-csit-1node-performance-only-neon,
lispflowmapping-csit-3node-msmr-all-neon,
mdsal-csit-1node-bindingv1-only-neon,
netconf-csit-1node-callhome-only-neon,
netconf-csit-1node-scale-max-devices-only-neon,
netconf-csit-1node-scale-only-neon,
netconf-csit-1node-userfeatures-all-neon,
netconf-csit-3node-clustering-only-neon,
netconf-csit-3node-clustering-scale-only-neon,
netvirt-csit-1node-0cmb-1ctl-2cmp-apex-queens-upstream-snat-conntrack-neon,
netvirt-csit-1node-0cmb-1ctl-2cmp-openstack-queens-sfc-neon,
netvirt-csit-1node-0cmb-1ctl-2cmp-openstack-queens-upgrade-neon,
netvirt-csit-1node-0cmb-1ctl-2cmp-openstack-queens-upgrade-snat-conntrack-neon,
netvirt-csit-1node-0cmb-1ctl-2cmp-openstack-queens-upstream-stateful-itm-direct-tunnels-neon,
netvirt-csit-1node-0cmb-1ctl-2cmp-openstack-queens-upstream-stateful-neon,
netvirt-csit-1node-0cmb-1ctl-2cmp-openstack-queens-upstream-stateful-snat-conntrack-neon,
netvirt-csit-1node-1cmb-0ctl-0cmp-openstack-queens-upstream-stateful-neon,
netvirt-csit-1node-1cmb-0ctl-0cmp-openstack-queens-upstream-stateful-snat-conntrack-neon,
netvirt-csit-1node-1cmb-0ctl-0cmp-openstack-rocky-upstream-stateful-itm-direct-tunnels-neon,
netvirt-csit-1node-1cmb-0ctl-0cmp-openstack-rocky-upstream-stateful-neon,
netvirt-csit-1node-1cmb-0ctl-0cmp-openstack-rocky-upstream-stateful-snat-conntrack-neon,
netvirt-csit-3node-0cmb-1ctl-2cmp-openstack-queens-upstream-stateful-itm-direct-tunnels-neon,
netvirt-csit-3node-0cmb-1ctl-2cmp-openstack-queens-upstream-stateful-neon,
netvirt-csit-3node-0cmb-1ctl-2cmp-openstack-queens-upstream-stateful-snat-conntrack-neon,
netvirt-csit-hwvtep-1node-0cmb-1ctl-2cmp-openstack-queens-upstream-stateful-neon,
netvirt-csit-hwvtep-3node-0cmb-1ctl-2cmp-openstack-queens-upstream-stateful-neon,
odltools-csit-1node-upstream-all-neon,
openflowplugin-csit-1node-bundle-based-reconciliation-all-neon,
openflowplugin-csit-1node-cbench-only-neon,
openflowplugin-csit-1node-flow-services-all-neon,
openflowplugin-csit-1node-perf-bulkomatic-only-neon,
openflowplugin-csit-1node-perf-stats-collection-only-neon,
openflowplugin-csit-1node-scale-link-only-neon,
openflowplugin-csit-1node-scale-only-neon,
openflowplugin-csit-1node-scale-switch-only-neon,
openflowplugin-csit-3node-clustering-bulkomatic-only-neon,
openflowplugin-csit-3node-clustering-only-neon,
openflowplugin-csit-3node-clustering-perf-bulkomatic-only-neon,
ovsdb-csit-1node-upstream-southbound-all-neon,
ovsdb-csit-3node-upstream-clustering-only-neon,
sfc-csit-3node-docker-full-deploy-all-neon,
sfc-csit-3node-rest-basic-all-neon,
yangtools-csit-1node-system-only-neon,
