bgpcep-csit-1node-bgp-ingest-all-chlorine,
bgpcep-csit-1node-bgp-ingest-mixed-all-chlorine,
bgpcep-csit-1node-throughpcep-all-chlorine,
bgpcep-csit-1node-userfeatures-all-chlorine,
daexim-csit-1node-basic-only-chlorine,
daexim-csit-3node-clustering-basic-only-chlorine,
distribution-csit-managed-chlorine,
jsonrpc-csit-1node-basic-only-chlorine,
odltools-csit-1node-upstream-all-chlorine,
openflowplugin-csit-1node-cbench-only-chlorine,
openflowplugin-csit-1node-flow-services-all-chlorine,
openflowplugin-csit-1node-perf-bulkomatic-only-chlorine,
openflowplugin-csit-1node-perf-stats-collection-only-chlorine,
openflowplugin-csit-1node-scale-link-only-chlorine,
openflowplugin-csit-1node-scale-only-chlorine,
openflowplugin-csit-1node-scale-switch-only-chlorine,
openflowplugin-csit-3node-clustering-bulkomatic-only-chlorine,
openflowplugin-csit-3node-clustering-only-chlorine,
openflowplugin-csit-3node-clustering-perf-bulkomatic-only-chlorine,
ovsdb-csit-1node-upstream-southbound-all-chlorine,
ovsdb-csit-3node-upstream-clustering-only-chlorine,
