aaa-csit-1node-authn-all-carbon,
aaa-csit-1node-keystone-all-carbon,
aaa-csit-1node-tls-only-carbon,
alto-csit-1node-setup-all-carbon,
bgpcep-csit-1node-periodic-bgp-ingest-all-carbon,
bgpcep-csit-1node-periodic-bgp-ingest-mixed-all-carbon,
bgpcep-csit-1node-periodic-throughpcep-all-carbon,
bgpcep-csit-1node-userfeatures-all-carbon,
bgpcep-csit-3node-periodic-bgpclustering-all-carbon,
bgpcep-csit-3node-periodic-bgpclustering-ha-only-carbon,
bier-csit-1node-basic-all-carbon,
controller-csit-1node-akka1-all-carbon,
controller-csit-1node-periodic-benchmark-all-carbon,
controller-csit-1node-rest-cars-perf-all-carbon,
controller-csit-3node-clustering-all-carbon,
controller-csit-3node-periodic-benchmark-all-carbon,
controller-csit-3node-rest-clust-cars-perf-only-carbon,
didm-csit-1node-discovery-only-carbon,
distribution-csit-1node-userfeatures-all-carbon,
dluxapps-csit-1node-yangman-all-carbon,
genius-csit-1node-tdd-wip-all-carbon,
genius-csit-1node-upstream-all-carbon,
genius-csit-3node-tdd-wip-all-carbon,
genius-csit-3node-upstream-all-carbon,
groupbasedpolicy-csit-1node-3-node-all-carbon,
groupbasedpolicy-csit-1node-6node-all-carbon,
groupbasedpolicy-csit-1node-openstack-newton-openstack-carbon,
groupbasedpolicy-csit-1node-sxp-only-carbon,
groupbasedpolicy-csit-3node-clustering-all-carbon,
iotdm-csit-1node-basic-all-carbon,
l2switch-csit-1node-periodic-host-scalability-daily-only-carbon,
l2switch-csit-1node-scalability-all-carbon,
l2switch-csit-1node-switch-all-carbon,
lacp-csit-1node-lacp-all-carbon,
lispflowmapping-csit-1node-msmr-all-carbon,
lispflowmapping-csit-1node-performance-only-carbon,
lispflowmapping-csit-3node-msmr-all-carbon,
mdsal-csit-1node-periodic-bindingv1-only-carbon,
messaging4transport-csit-1node-basic-all-carbon,
natapp-csit-1node-basic-all-carbon,
nemo-csit-1node-engine-all-carbon,
netconf-csit-1node-callhome-only-carbon,
netconf-csit-1node-periodic-scale-all-carbon,
netconf-csit-1node-userfeatures-all-carbon,
netconf-csit-3node-cluster-stress-all-carbon,
netconf-csit-3node-clustering-all-carbon,
netconf-csit-3node-periodic-clustering-scale-all-carbon,
netide-csit-1node-basic-all-carbon,
netvirt-csit-1node-openstack-ocata-upstream-stateful-carbon,
netvirt-csit-1node-openstack-ocata-upstream-stateful-snat-conntrack-carbon,
netvirt-csit-1node-openstack-pike-sfc-carbon,
netvirt-csit-1node-openstack-pike-upstream-stateful-carbon,
netvirt-csit-1node-openstack-pike-upstream-stateful-snat-conntrack-carbon,
netvirt-csit-3node-openstack-ocata-upstream-stateful-carbon,
netvirt-csit-3node-openstack-ocata-upstream-stateful-snat-conntrack-carbon,
netvirt-csit-3node-openstack-pike-upstream-stateful-carbon,
netvirt-csit-3node-openstack-pike-upstream-stateful-snat-conntrack-carbon,
netvirt-csit-hwvtep-1node-openstack-ocata-upstream-stateful-carbon,
netvirt-csit-hwvtep-1node-openstack-pike-upstream-stateful-carbon,
netvirt-csit-hwvtep-3node-openstack-ocata-upstream-stateful-carbon,
netvirt-csit-hwvtep-3node-openstack-pike-upstream-stateful-carbon,
nic-csit-1node-basic-all-carbon,
ocpplugin-csit-1node-get-all-carbon,
ocpplugin-csit-1node-scalability-all-carbon,
of-config-csit-1node-basic-all-carbon,
openflowplugin-csit-1node-cbench-only-carbon,
openflowplugin-csit-1node-flow-services-all-carbon,
openflowplugin-csit-1node-perf-bulkomatic-only-carbon,
openflowplugin-csit-1node-perf-stats-collection-only-carbon,
openflowplugin-csit-1node-scale-link-only-carbon,
openflowplugin-csit-1node-scale-only-carbon,
openflowplugin-csit-1node-scale-switch-only-carbon,
openflowplugin-csit-3node-clustering-bulkomatic-only-carbon,
openflowplugin-csit-3node-clustering-only-carbon,
openflowplugin-csit-3node-clustering-perf-bulkomatic-only-carbon,
ovsdb-csit-1node-upstream-southbound-all-carbon,
ovsdb-csit-3node-upstream-clustering-only-carbon,
packetcable-csit-1node-pcmm-all-carbon,
sdninterfaceapp-csit-1node-basic-only-carbon,
sfc-csit-3node-docker-full-deploy-all-carbon,
sfc-csit-3node-rest-basic-all-carbon,
sxp-csit-1node-basic-all-carbon,
sxp-csit-1node-filtering-all-carbon,
sxp-csit-1node-periodic-performance-all-carbon,
sxp-csit-1node-topology-all-carbon,
sxp-csit-3node-periodic-clustering-all-carbon,
sxp-csit-3node-periodic-routing-all-carbon,
topoprocessing-csit-1node-topology-operations-all-carbon,
tsdr-csit-1node-cassandra-datastore-only-carbon,
tsdr-csit-1node-elasticsearch-datastore-only-carbon,
tsdr-csit-1node-hbase-datastore-all-carbon,
tsdr-csit-1node-hsqldb-datastore-all-carbon,
unimgr-csit-1node-basic-all-carbon,
unimgr-csit-1node-legato-all-carbon,
usc-csit-1node-channel-all-carbon,
usc-csit-1node-tcp-all-carbon,
usecplugin-csit-1node-basic-all-carbon,
vtn-csit-1node-coordinator-only-carbon,
vtn-csit-1node-manager-all-carbon,
vtn-csit-1node-openstack-pike-neutron-carbon,
vtn-csit-3node-manager-all-carbon,
yangtools-csit-1node-periodic-system-only-carbon,
