aaa-csit-1node-authn-all-boron,
aaa-csit-1node-idmlite-all-boron,
alto-csit-1node-setup-all-boron,
bgpcep-csit-1node-periodic-bgp-ingest-all-boron,
bgpcep-csit-1node-periodic-bgp-ingest-mixed-all-boron,
bgpcep-csit-1node-periodic-throughpcep-all-boron,
bgpcep-csit-1node-userfeatures-all-boron,
bgpcep-csit-3node-periodic-bgpclustering-all-boron,
bgpcep-csit-3node-periodic-bgpclustering-ha-only-boron,
capwap-csit-1node-ac-all-boron,
centinel-csit-1node-basic-all-boron,
controller-csit-1node-akka1-all-boron,
controller-csit-1node-periodic-benchmark-all-boron,
controller-csit-1node-rest-cars-perf-all-boron,
controller-csit-3node-clustering-all-boron,
controller-csit-3node-periodic-benchmark-all-boron,
controller-csit-3node-rest-clust-cars-perf-only-boron,
didm-csit-1node-discovery-only-boron,
distribution-csit-1node-userfeatures-all-boron,
genius-csit-1node-upstream-all-boron,
genius-csit-3node-upstream-all-boron,
groupbasedpolicy-csit-1node-3-node-all-boron,
groupbasedpolicy-csit-1node-6node-all-boron,
groupbasedpolicy-csit-1node-openstack-newton-openstack-boron,
groupbasedpolicy-csit-3node-clustering-all-boron,
l2switch-csit-1node-periodic-host-scalability-daily-only-boron,
l2switch-csit-1node-scalability-all-boron,
l2switch-csit-1node-switch-all-boron,
lacp-csit-1node-lacp-all-boron,
lispflowmapping-csit-1node-msmr-all-boron,
lispflowmapping-csit-1node-performance-only-boron,
lispflowmapping-csit-3node-msmr-all-boron,
mdsal-csit-1node-periodic-bindingv1-only-boron,
messaging4transport-csit-1node-basic-all-boron,
natapp-csit-1node-basic-all-boron,
nemo-csit-1node-engine-all-boron,
netconf-csit-1node-periodic-scale-all-boron,
netconf-csit-1node-userfeatures-all-boron,
netconf-csit-3node-cluster-stress-all-boron,
netconf-csit-3node-clustering-all-boron,
netconf-csit-3node-periodic-clustering-scale-all-boron,
netide-csit-1node-basic-all-boron,
netvirt-csit-1node-openstack-newton-nodl-v2-upstream-learn-boron,
netvirt-csit-1node-openstack-newton-nodl-v2-upstream-stateful-boron,
netvirt-csit-1node-openstack-newton-nodl-v2-upstream-stateful-snat-conntrack-boron,
netvirt-csit-1node-openstack-newton-nodl-v2-upstream-transparent-boron,
netvirt-csit-1node-openstack-newton-upstream-learn-boron,
netvirt-csit-1node-openstack-newton-upstream-stateful-boron,
netvirt-csit-1node-openstack-newton-upstream-stateful-snat-conntrack-boron,
netvirt-csit-1node-openstack-newton-upstream-transparent-boron,
netvirt-csit-3node-openstack-newton-nodl-v2-upstream-learn-boron,
netvirt-csit-3node-openstack-newton-nodl-v2-upstream-stateful-boron,
netvirt-csit-3node-openstack-newton-nodl-v2-upstream-stateful-snat-conntrack-boron,
netvirt-csit-3node-openstack-newton-nodl-v2-upstream-transparent-boron,
netvirt-csit-3node-openstack-newton-upstream-learn-boron,
netvirt-csit-3node-openstack-newton-upstream-stateful-boron,
netvirt-csit-3node-openstack-newton-upstream-stateful-snat-conntrack-boron,
netvirt-csit-3node-openstack-newton-upstream-transparent-boron,
netvirt-csit-hwvtep-1node-openstack-newton-nodl-v2-upstream-stateful-boron,
netvirt-csit-hwvtep-1node-openstack-newton-upstream-stateful-boron,
netvirt-csit-hwvtep-3node-openstack-newton-nodl-v2-upstream-stateful-boron,
netvirt-csit-hwvtep-3node-openstack-newton-upstream-stateful-boron,
netvirt-legacy-csit-1node-openstack-basic-all-boron,
netvirt-legacy-csit-1node-openstack-newton-nodl-v2-upstream-boron,
netvirt-legacy-csit-1node-openstack-newton-upstream-boron,
netvirt-legacy-csit-1node-openstack-ocata-upstream-boron,
netvirt-legacy-csit-3node-clustering-only-boron,
netvirt-legacy-csit-3node-openstack-newton-nodl-v2-upstream-boron,
netvirt-legacy-csit-3node-openstack-newton-upstream-boron,
netvirt-legacy-csit-3node-openstack-ocata-upstream-boron,
nic-csit-1node-basic-all-boron,
ocpplugin-csit-1node-get-all-boron,
ocpplugin-csit-1node-scalability-all-boron,
of-config-csit-1node-basic-all-boron,
openflowplugin-csit-1node-flow-services-all-boron,
openflowplugin-csit-1node-flow-services-frs-only-boron,
openflowplugin-csit-1node-periodic-bulkomatic-perf-daily-only-boron,
openflowplugin-csit-1node-periodic-cbench-daily-only-boron,
openflowplugin-csit-1node-periodic-link-scalability-daily-only-boron,
openflowplugin-csit-1node-periodic-restconf-perf-daily-only-boron,
openflowplugin-csit-1node-periodic-scale-stats-collection-daily-frs-only-boron,
openflowplugin-csit-1node-periodic-scale-stats-collection-daily-only-boron,
openflowplugin-csit-1node-periodic-sw-scalability-daily-only-boron,
openflowplugin-csit-1node-scalability-only-boron,
openflowplugin-csit-3node-clustering-only-boron,
openflowplugin-csit-3node-periodic-bulkomatic-clustering-daily-only-boron,
openflowplugin-csit-3node-periodic-bulkomatic-clustering-perf-daily-only-boron,
openflowplugin-csit-3node-periodic-restconf-clustering-perf-daily-only-boron,
ovsdb-csit-1node-upstream-southbound-all-boron,
ovsdb-csit-3node-upstream-clustering-only-boron,
packetcable-csit-1node-pcmm-all-boron,
sdninterfaceapp-csit-1node-basic-only-boron,
sfc-csit-3node-rest-basic-all-boron,
snmp-csit-1node-basic-all-boron,
sxp-csit-1node-basic-all-boron,
sxp-csit-1node-filtering-all-boron,
sxp-csit-1node-topology-all-boron,
sxp-csit-3node-periodic-clustering-all-boron,
topoprocessing-csit-1node-topology-operations-all-boron,
tsdr-csit-1node-cassandra-datastore-only-boron,
tsdr-csit-1node-hbase-datastore-all-boron,
tsdr-csit-1node-hsqldb-datastore-all-boron,
unimgr-csit-1node-basic-all-boron,
unimgr-csit-1node-legato-all-boron,
usc-csit-1node-channel-all-boron,
usc-csit-1node-tcp-all-boron,
usc-csit-1node-udp-all-boron,
usecplugin-csit-1node-basic-all-boron,
vtn-csit-1node-coordinator-only-boron,
vtn-csit-1node-manager-all-boron,
vtn-csit-1node-openstack-newton-neutron-boron,
vtn-csit-3node-manager-all-boron,
