aaa-csit-1node-authn-all-oxygen,
aaa-csit-1node-keystone-all-oxygen,
aaa-csit-1node-tls-only-oxygen,
alto-csit-1node-setup-all-oxygen,
bgpcep-csit-1node-periodic-bgp-ingest-all-oxygen,
bgpcep-csit-1node-periodic-bgp-ingest-mixed-all-oxygen,
bgpcep-csit-1node-periodic-throughpcep-all-oxygen,
bgpcep-csit-1node-userfeatures-all-oxygen,
bgpcep-csit-3node-periodic-bgpclustering-all-oxygen,
bgpcep-csit-3node-periodic-bgpclustering-ha-only-oxygen,
bier-csit-1node-basic-all-oxygen,
controller-csit-1node-akka1-all-oxygen,
controller-csit-1node-periodic-benchmark-all-oxygen,
controller-csit-1node-rest-cars-perf-all-oxygen,
controller-csit-3node-clustering-all-oxygen,
controller-csit-3node-periodic-benchmark-all-oxygen,
controller-csit-3node-rest-clust-cars-perf-only-oxygen,
daexim-csit-1node-basic-only-oxygen,
daexim-csit-3node-clustering-basic-only-oxygen,
distribution-csit-1node-userfeatures-all-oxygen,
dluxapps-csit-1node-yangman-all-oxygen,
genius-csit-1node-upstream-all-oxygen,
genius-csit-3node-upstream-all-oxygen,
groupbasedpolicy-csit-1node-3-node-all-oxygen,
groupbasedpolicy-csit-1node-6node-all-oxygen,
groupbasedpolicy-csit-1node-openstack-newton-openstack-oxygen,
groupbasedpolicy-csit-1node-sxp-only-oxygen,
groupbasedpolicy-csit-3node-clustering-all-oxygen,
l2switch-csit-1node-periodic-host-scalability-daily-only-oxygen,
l2switch-csit-1node-scalability-all-oxygen,
l2switch-csit-1node-switch-all-oxygen,
lispflowmapping-csit-1node-msmr-all-oxygen,
lispflowmapping-csit-1node-performance-only-oxygen,
lispflowmapping-csit-3node-msmr-all-oxygen,
mdsal-csit-1node-periodic-bindingv1-only-oxygen,
messaging4transport-csit-1node-basic-all-oxygen,
natapp-csit-1node-basic-all-oxygen,
nemo-csit-1node-engine-all-oxygen,
netconf-csit-1node-callhome-only-oxygen,
netconf-csit-1node-periodic-scale-all-oxygen,
netconf-csit-1node-userfeatures-all-oxygen,
netconf-csit-3node-cluster-stress-all-oxygen,
netconf-csit-3node-clustering-all-oxygen,
netconf-csit-3node-periodic-clustering-scale-all-oxygen,
netvirt-csit-1node-openstack-pike-sfc-oxygen,
netvirt-csit-1node-openstack-pike-upstream-stateful-oxygen,
netvirt-csit-1node-openstack-pike-upstream-stateful-snat-conntrack-oxygen,
netvirt-csit-1node-openstack-queens-upstream-stateful-oxygen,
netvirt-csit-1node-openstack-queens-upstream-stateful-snat-conntrack-oxygen,
netvirt-csit-3node-openstack-pike-upstream-stateful-oxygen,
netvirt-csit-3node-openstack-pike-upstream-stateful-snat-conntrack-oxygen,
netvirt-csit-3node-openstack-queens-upstream-stateful-oxygen,
netvirt-csit-3node-openstack-queens-upstream-stateful-snat-conntrack-oxygen,
netvirt-csit-hwvtep-1node-openstack-ocata-upstream-stateful-oxygen,
netvirt-csit-hwvtep-1node-openstack-pike-upstream-stateful-oxygen,
netvirt-csit-hwvtep-1node-openstack-queens-upstream-stateful-oxygen,
netvirt-csit-hwvtep-3node-openstack-ocata-upstream-stateful-oxygen,
netvirt-csit-hwvtep-3node-openstack-pike-upstream-stateful-oxygen,
netvirt-csit-hwvtep-3node-openstack-queens-upstream-stateful-oxygen,
nic-csit-1node-basic-all-oxygen,
ocpplugin-csit-1node-get-all-oxygen,
ocpplugin-csit-1node-scalability-all-oxygen,
of-config-csit-1node-basic-all-oxygen,
openflowplugin-csit-1node-cbench-only-oxygen,
openflowplugin-csit-1node-flow-services-all-oxygen,
openflowplugin-csit-1node-perf-bulkomatic-only-oxygen,
openflowplugin-csit-1node-perf-stats-collection-only-oxygen,
openflowplugin-csit-1node-scale-link-only-oxygen,
openflowplugin-csit-1node-scale-only-oxygen,
openflowplugin-csit-1node-scale-switch-only-oxygen,
openflowplugin-csit-3node-clustering-bulkomatic-only-oxygen,
openflowplugin-csit-3node-clustering-only-oxygen,
openflowplugin-csit-3node-clustering-perf-bulkomatic-only-oxygen,
ovsdb-csit-1node-upstream-southbound-all-oxygen,
ovsdb-csit-3node-upstream-clustering-only-oxygen,
p4plugin-csit-1node-basic-all-oxygen,
packetcable-csit-1node-pcmm-all-oxygen,
sdninterfaceapp-csit-1node-basic-only-oxygen,
sfc-csit-3node-docker-full-deploy-all-oxygen,
sfc-csit-3node-rest-basic-all-oxygen,
sxp-csit-1node-basic-all-oxygen,
sxp-csit-1node-filtering-all-oxygen,
sxp-csit-1node-periodic-performance-all-oxygen,
sxp-csit-1node-topology-all-oxygen,
sxp-csit-3node-periodic-clustering-all-oxygen,
sxp-csit-3node-periodic-routing-all-oxygen,
topoprocessing-csit-1node-topology-operations-all-oxygen,
tsdr-csit-1node-cassandra-datastore-only-oxygen,
tsdr-csit-1node-elasticsearch-datastore-only-oxygen,
tsdr-csit-1node-hbase-datastore-all-oxygen,
tsdr-csit-1node-hsqldb-datastore-all-oxygen,
unimgr-csit-1node-basic-all-oxygen,
unimgr-csit-1node-legato-all-oxygen,
usc-csit-1node-channel-all-oxygen,
usc-csit-1node-tcp-all-oxygen,
usecplugin-csit-1node-basic-all-oxygen,
vtn-csit-1node-coordinator-only-oxygen,
vtn-csit-1node-manager-all-oxygen,
vtn-csit-1node-openstack-pike-neutron-oxygen,
vtn-csit-3node-manager-all-oxygen,
yangtools-csit-1node-periodic-system-only-oxygen,
