bgpcep-csit-1node-bgp-ingest-all-titanium,
bgpcep-csit-1node-bgp-ingest-mixed-all-titanium,
bgpcep-csit-1node-throughpcep-all-titanium,
bgpcep-csit-1node-userfeatures-all-titanium,
daexim-csit-1node-basic-only-titanium,
daexim-csit-3node-clustering-basic-only-titanium,
distribution-csit-managed-titanium,
jsonrpc-csit-1node-basic-only-titanium,
openflowplugin-csit-1node-cbench-only-titanium,
openflowplugin-csit-1node-flow-services-all-titanium,
openflowplugin-csit-1node-perf-bulkomatic-only-titanium,
openflowplugin-csit-1node-perf-stats-collection-only-titanium,
openflowplugin-csit-1node-scale-link-only-titanium,
openflowplugin-csit-1node-scale-only-titanium,
openflowplugin-csit-1node-scale-switch-only-titanium,
openflowplugin-csit-3node-clustering-bulkomatic-only-titanium,
openflowplugin-csit-3node-clustering-only-titanium,
openflowplugin-csit-3node-clustering-perf-bulkomatic-only-titanium,
ovsdb-csit-1node-upstream-southbound-all-titanium,
ovsdb-csit-3node-upstream-clustering-only-titanium,
