bgpcep-csit-1node-bgp-ingest-all-chromium,
bgpcep-csit-1node-bgp-ingest-mixed-all-chromium,
bgpcep-csit-1node-throughpcep-all-chromium,
bgpcep-csit-1node-userfeatures-all-chromium,
daexim-csit-1node-basic-only-chromium,
daexim-csit-3node-clustering-basic-only-chromium,
distribution-csit-managed-chromium,
jsonrpc-csit-1node-basic-only-chromium,
openflowplugin-csit-1node-cbench-only-chromium,
openflowplugin-csit-1node-flow-services-all-chromium,
openflowplugin-csit-1node-perf-bulkomatic-only-chromium,
openflowplugin-csit-1node-perf-stats-collection-only-chromium,
openflowplugin-csit-1node-scale-link-only-chromium,
openflowplugin-csit-1node-scale-only-chromium,
openflowplugin-csit-1node-scale-switch-only-chromium,
openflowplugin-csit-3node-clustering-bulkomatic-only-chromium,
openflowplugin-csit-3node-clustering-only-chromium,
openflowplugin-csit-3node-clustering-perf-bulkomatic-only-chromium,
ovsdb-csit-1node-upstream-southbound-all-chromium,
ovsdb-csit-3node-upstream-clustering-only-chromium,
