bgpcep-csit-1node-bgp-ingest-all-manganese,
bgpcep-csit-1node-bgp-ingest-mixed-all-manganese,
bgpcep-csit-1node-throughpcep-all-manganese,
bgpcep-csit-1node-userfeatures-all-manganese,
daexim-csit-1node-basic-only-manganese,
daexim-csit-3node-clustering-basic-only-manganese,
distribution-csit-managed-manganese,
jsonrpc-csit-1node-basic-only-manganese,
openflowplugin-csit-1node-cbench-only-manganese,
openflowplugin-csit-1node-flow-services-all-manganese,
openflowplugin-csit-1node-perf-bulkomatic-only-manganese,
openflowplugin-csit-1node-perf-stats-collection-only-manganese,
openflowplugin-csit-1node-scale-link-only-manganese,
openflowplugin-csit-1node-scale-only-manganese,
openflowplugin-csit-1node-scale-switch-only-manganese,
openflowplugin-csit-3node-clustering-bulkomatic-only-manganese,
openflowplugin-csit-3node-clustering-only-manganese,
openflowplugin-csit-3node-clustering-perf-bulkomatic-only-manganese,
ovsdb-csit-1node-upstream-southbound-all-manganese,
ovsdb-csit-3node-upstream-clustering-only-manganese,
