aaa-csit-1node-authn-all-oxygen,
alto-csit-1node-setup-all-oxygen,
bgpcep-csit-1node-bgp-ingest-all-oxygen,
bgpcep-csit-1node-bgp-ingest-mixed-all-oxygen,
bgpcep-csit-1node-throughpcep-all-oxygen,
bgpcep-csit-1node-userfeatures-all-oxygen,
bgpcep-csit-3node-bgpclustering-all-oxygen,
bgpcep-csit-3node-bgpclustering-ha-only-oxygen,
bier-csit-1node-basic-all-oxygen,
coe-csit-1node-container-networking-only-oxygen,
controller-csit-1node-akka1-all-oxygen,
controller-csit-1node-benchmark-all-oxygen,
controller-csit-1node-rest-cars-perf-all-oxygen,
controller-csit-3node-benchmark-all-oxygen,
controller-csit-3node-clustering-ask-all-oxygen,
controller-csit-3node-clustering-tell-all-oxygen,
controller-csit-3node-rest-clust-cars-perf-ask-only-oxygen,
controller-csit-3node-rest-clust-cars-perf-tell-only-oxygen,
daexim-csit-1node-basic-only-oxygen,
daexim-csit-3node-clustering-basic-only-oxygen,
distribution-csit-1node-userfeatures-all-oxygen,
distribution-csit-managed-oxygen,
dluxapps-csit-1node-yangman-all-oxygen,
genius-csit-1node-upstream-only-oxygen,
genius-csit-3node-upstream-only-oxygen,
groupbasedpolicy-csit-1node-3-node-all-oxygen,
groupbasedpolicy-csit-1node-6node-all-oxygen,
groupbasedpolicy-csit-1node-sxp-only-oxygen,
groupbasedpolicy-csit-3node-clustering-all-oxygen,
l2switch-csit-1node-host-scalability-daily-only-oxygen,
l2switch-csit-1node-scalability-all-oxygen,
l2switch-csit-1node-switch-all-oxygen,
lispflowmapping-csit-1node-msmr-all-oxygen,
lispflowmapping-csit-1node-performance-only-oxygen,
lispflowmapping-csit-3node-msmr-all-oxygen,
mdsal-csit-1node-bindingv1-only-oxygen,
nemo-csit-1node-engine-all-oxygen,
netconf-csit-1node-callhome-only-oxygen,
netconf-csit-1node-scale-only-oxygen,
netconf-csit-1node-userfeatures-all-oxygen,
netconf-csit-3node-clustering-only-oxygen,
netconf-csit-3node-clustering-scale-only-oxygen,
netvirt-csit-1node-0cmb-1ctl-1cmp-openstack-queens-sfc-oxygen,
netvirt-csit-1node-0cmb-1ctl-2cmp-apex-queens-upstream-snat-conntrack-oxygen,
netvirt-csit-1node-0cmb-1ctl-2cmp-openstack-queens-upstream-stateful-itm-direct-tunnels-oxygen,
netvirt-csit-1node-0cmb-1ctl-2cmp-openstack-queens-upstream-stateful-oxygen,
netvirt-csit-1node-0cmb-1ctl-2cmp-openstack-queens-upstream-stateful-snat-conntrack-oxygen,
netvirt-csit-1node-1cmb-0ctl-0cmp-openstack-queens-upstream-stateful-oxygen,
netvirt-csit-1node-1cmb-0ctl-0cmp-openstack-queens-upstream-stateful-snat-conntrack-oxygen,
netvirt-csit-3node-0cmb-1ctl-2cmp-openstack-queens-upstream-stateful-itm-direct-tunnels-oxygen,
netvirt-csit-3node-0cmb-1ctl-2cmp-openstack-queens-upstream-stateful-oxygen,
netvirt-csit-3node-0cmb-1ctl-2cmp-openstack-queens-upstream-stateful-snat-conntrack-oxygen,
netvirt-csit-hwvtep-1node-0cmb-1ctl-2cmp-openstack-queens-upstream-stateful-oxygen,
netvirt-csit-hwvtep-3node-0cmb-1ctl-2cmp-openstack-queens-upstream-stateful-oxygen,
openflowplugin-csit-1node-bundle-based-reconciliation-all-oxygen,
openflowplugin-csit-1node-cbench-only-oxygen,
openflowplugin-csit-1node-flow-services-all-oxygen,
openflowplugin-csit-1node-perf-bulkomatic-only-oxygen,
openflowplugin-csit-1node-perf-stats-collection-only-oxygen,
openflowplugin-csit-1node-scale-link-only-oxygen,
openflowplugin-csit-1node-scale-only-oxygen,
openflowplugin-csit-1node-scale-switch-only-oxygen,
openflowplugin-csit-3node-clustering-bulkomatic-only-oxygen,
openflowplugin-csit-3node-clustering-only-oxygen,
openflowplugin-csit-3node-clustering-perf-bulkomatic-only-oxygen,
ovsdb-csit-1node-upstream-southbound-all-oxygen,
ovsdb-csit-3node-upstream-clustering-only-oxygen,
packetcable-csit-1node-pcmm-all-oxygen,
sfc-csit-3node-docker-full-deploy-all-oxygen,
sfc-csit-3node-rest-basic-all-oxygen,
sxp-csit-1node-basic-all-oxygen,
sxp-csit-1node-filtering-all-oxygen,
sxp-csit-1node-performance-all-oxygen,
sxp-csit-1node-topology-all-oxygen,
sxp-csit-3node-clustering-all-oxygen,
tsdr-csit-1node-cassandra-datastore-only-oxygen,
tsdr-csit-1node-elasticsearch-datastore-only-oxygen,
tsdr-csit-1node-hbase-datastore-all-oxygen,
tsdr-csit-1node-hsqldb-datastore-all-oxygen,
usc-csit-1node-tcp-all-oxygen,
yangtools-csit-1node-system-only-oxygen,
